BL51 BANKED LINKER/LOCATER V6.22.2.0                                                    04/08/2023  18:17:43  PAGE 1


BL51 BANKED LINKER/LOCATER V6.22.2.0, INVOKED BY:
C:\KEIL_V5\C51\BIN\BL51.EXE .\Objects\STARTUP.obj, .\Objects\main.obj TO .\Objects\keypad PRINT (.\Listings\keypad.m51) 
>> RAMSIZE (256)


MEMORY MODEL: SMALL


INPUT MODULES INCLUDED:
  .\Objects\STARTUP.obj (?C_STARTUP)
  .\Objects\main.obj (MAIN)


LINK MAP OF MODULE:  .\Objects\keypad (?C_STARTUP)


            TYPE    BASE      LENGTH    RELOCATION   SEGMENT NAME
            -----------------------------------------------------

            * * * * * * *   D A T A   M E M O R Y   * * * * * * *
            REG     0000H     0008H     ABSOLUTE     "REG BANK 0"
            IDATA   0008H     0001H     UNIT         ?STACK

            * * * * * * *   C O D E   M E M O R Y   * * * * * * *
            CODE    0000H     0003H     ABSOLUTE     
                    0003H     07FDH                  *** GAP ***
            CODE    0800H     00A8H     UNIT         ?PR?_LED_DISPLAY?MAIN
            CODE    08A8H     0020H     UNIT         ?PR?_MSDELAY?MAIN
            CODE    08C8H     000CH     UNIT         ?C_C51STARTUP
            CODE    08D4H     0004H     UNIT         ?PR?MAIN?MAIN



OVERLAY MAP OF MODULE:   .\Objects\keypad (?C_STARTUP)


SEGMENT
  +--> CALLED SEGMENT
---------------------
?C_C51STARTUP
  +--> ?PR?MAIN?MAIN



SYMBOL TABLE OF MODULE:  .\Objects\keypad (?C_STARTUP)

  VALUE           TYPE          NAME
  ----------------------------------

  -------         MODULE        ?C_STARTUP
  C:08C8H         SEGMENT       ?C_C51STARTUP
  I:0008H         SEGMENT       ?STACK
  C:0000H         PUBLIC        ?C_STARTUP
  D:00E0H         SYMBOL        ACC
  D:00F0H         SYMBOL        B
  D:0083H         SYMBOL        DPH
  D:0082H         SYMBOL        DPL
  N:0000H         SYMBOL        IBPSTACK
BL51 BANKED LINKER/LOCATER V6.22.2.0                                                  04/08/2023  18:17:43  PAGE 2


  N:0100H         SYMBOL        IBPSTACKTOP
  N:0080H         SYMBOL        IDATALEN
  C:08CBH         SYMBOL        IDATALOOP
  N:0000H         SYMBOL        PBPSTACK
  N:0100H         SYMBOL        PBPSTACKTOP
  N:0000H         SYMBOL        PDATALEN
  N:0000H         SYMBOL        PDATASTART
  N:0000H         SYMBOL        PPAGE
  N:0000H         SYMBOL        PPAGEENABLE
  D:00A0H         SYMBOL        PPAGE_SFR
  D:0081H         SYMBOL        SP
  C:08C8H         SYMBOL        STARTUP1
  N:0000H         SYMBOL        XBPSTACK
  N:0000H         SYMBOL        XBPSTACKTOP
  N:0000H         SYMBOL        XDATALEN
  N:0000H         SYMBOL        XDATASTART
  C:0000H         LINE#         126
  C:08C8H         LINE#         133
  C:08CAH         LINE#         134
  C:08CBH         LINE#         135
  C:08CCH         LINE#         136
  C:08CEH         LINE#         185
  C:08D1H         LINE#         196
  -------         ENDMOD        ?C_STARTUP

  -------         MODULE        MAIN
  C:0000H         SYMBOL        _ICE_DUMMY_
  D:0080H         PUBLIC        P0
  D:0090H         PUBLIC        P1
  D:00A0H         PUBLIC        P2
  D:00B0H         PUBLIC        P3
  D:00C0H         PUBLIC        P4
  D:00A8H         PUBLIC        IEN0
  B:00B0H.1       PUBLIC        COM1
  B:00B0H.2       PUBLIC        COM2
  B:00B0H.3       PUBLIC        COM3
  D:00B8H         PUBLIC        IPL0
  D:00D8H         PUBLIC        CCON
  C:08D4H         PUBLIC        main
  C:0800H         PUBLIC        _LED_display
  D:0098H         PUBLIC        SCON
  D:0088H         PUBLIC        TCON
  D:00F0H         PUBLIC        B
  D:00F8H         PUBLIC        UEPINT
  B:00B0H.4       PUBLIC        A_bit
  B:0080H.6       PUBLIC        B_bit
  B:0080H.7       PUBLIC        C_bit
  B:00B0H.5       PUBLIC        D_bit
  D:00C8H         PUBLIC        T2CON
  C:08A8H         PUBLIC        _msdelay
  -------         PROC          _MSDELAY
  D:0006H         SYMBOL        time
  -------         DO            
  D:0004H         SYMBOL        i
  D:0002H         SYMBOL        j
  -------         ENDDO         
  C:08A8H         LINE#         14
BL51 BANKED LINKER/LOCATER V6.22.2.0                                                  04/08/2023  18:17:43  PAGE 3


  C:08A8H         LINE#         15
  C:08A8H         LINE#         17
  C:08B2H         LINE#         18
  C:08B2H         LINE#         19
  C:08C0H         LINE#         20
  C:08C7H         LINE#         21
  -------         ENDPROC       _MSDELAY
  -------         PROC          _LED_DISPLAY
  D:0006H         SYMBOL        position
  D:0004H         SYMBOL        digit
  C:0800H         LINE#         23
  C:0800H         LINE#         25
  C:0806H         LINE#         26
  C:080CH         LINE#         27
  C:080EH         LINE#         28
  C:0814H         LINE#         29
  C:081AH         LINE#         30
  C:081CH         LINE#         31
  C:0822H         LINE#         32
  C:0828H         LINE#         33
  C:0828H         LINE#         36
  C:082CH         LINE#         37
  C:082EH         LINE#         38
  C:0830H         LINE#         39
  C:0836H         LINE#         40
  C:083AH         LINE#         41
  C:083CH         LINE#         42
  C:0842H         LINE#         43
  C:0846H         LINE#         44
  C:0848H         LINE#         45
  C:084EH         LINE#         46
  C:0852H         LINE#         47
  C:0854H         LINE#         48
  C:085AH         LINE#         49
  C:085EH         LINE#         50
  C:0860H         LINE#         51
  C:0866H         LINE#         52
  C:086AH         LINE#         53
  C:086CH         LINE#         54
  C:0872H         LINE#         55
  C:087AH         LINE#         56
  C:087BH         LINE#         57
  C:0881H         LINE#         58
  C:0889H         LINE#         59
  C:088AH         LINE#         60
  C:0890H         LINE#         61
  C:0898H         LINE#         62
  C:0899H         LINE#         63
  C:089FH         LINE#         64
  C:08A7H         LINE#         65
  C:08A7H         LINE#         72
  -------         ENDPROC       _LED_DISPLAY
  -------         PROC          MAIN
  C:08D4H         LINE#         6
  C:08D4H         LINE#         7
  C:08D4H         LINE#         10
  C:08D7H         LINE#         12
BL51 BANKED LINKER/LOCATER V6.22.2.0                                                  04/08/2023  18:17:43  PAGE 4


  C:08D7H         LINE#         13
  C:08D7H         LINE#         14
  C:08D7H         LINE#         17
  -------         ENDPROC       MAIN
  -------         ENDMOD        MAIN

*** WARNING L16: UNCALLED SEGMENT, IGNORED FOR OVERLAY PROCESS
    SEGMENT: ?PR?_MSDELAY?MAIN

*** WARNING L16: UNCALLED SEGMENT, IGNORED FOR OVERLAY PROCESS
    SEGMENT: ?PR?_LED_DISPLAY?MAIN

******************************************************************************
* RESTRICTED VERSION WITH 0800H BYTE CODE SIZE LIMIT; USED: 00DBH BYTE (10%) *
******************************************************************************

Program Size: data=9.0 xdata=0 code=219
LINK/LOCATE RUN COMPLETE.  2 WARNING(S),  0 ERROR(S)
